// Jest Snapshot v1, https://goo.gl/fbAQLP

exports[`convertSuretypeToJsonSchema should convert types with dependencies 1`] = `
{
  "types": [
    {
      "additionalProperties": true,
      "name": "ChatLine",
      "properties": {
        "line": {
          "node": {
            "type": "string",
          },
          "required": true,
        },
        "user": {
          "node": {
            "ref": "User",
            "type": "ref",
          },
          "required": false,
        },
      },
      "title": "A chat line",
      "type": "object",
    },
    {
      "additionalProperties": true,
      "description": "A user representation",
      "examples": "[
  "{ firstName: \\"joe\\", id: \\"12345678\\" }"
]",
      "name": "User",
      "properties": {
        "firstName": {
          "node": {
            "type": "string",
          },
          "required": true,
        },
        "id": {
          "node": {
            "type": "string",
          },
          "required": true,
        },
      },
      "title": "The user type",
      "type": "object",
    },
  ],
  "version": 1,
}
`;
