// Jest Snapshot v1, https://goo.gl/fbAQLP

exports[`convertSuretypeToJsonSchema should convert types with dependencies 1`] = `
Object {
  "types": Array [
    Object {
      "additionalProperties": true,
      "description": "A user representation",
      "examples": "[
  \\"{ firstName: \\\\\\"joe\\\\\\", id: \\\\\\"12345678\\\\\\" }\\"
]",
      "name": "User",
      "properties": Object {
        "firstName": Object {
          "node": Object {
            "type": "string",
          },
          "required": true,
        },
        "id": Object {
          "node": Object {
            "type": "string",
          },
          "required": true,
        },
      },
      "title": "The user type",
      "type": "object",
    },
    Object {
      "additionalProperties": true,
      "name": "ChatLine",
      "properties": Object {
        "line": Object {
          "node": Object {
            "type": "string",
          },
          "required": true,
        },
        "user": Object {
          "node": Object {
            "ref": "User",
            "type": "ref",
          },
          "required": false,
        },
      },
      "title": "A chat line",
      "type": "object",
    },
  ],
  "version": 1,
}
`;
